
Memory Configuration

Name             Origin             Length             Attributes
int_flash_c0     0x08000000         0x000f9f00
int_flash_fls_rsv_c0 0x080f9f00         0x00000100
int_sram_c0      0x20000000         0x00013880
int_sram_fls_rsv_c0 0x20013880         0x00000100
int_sram_stack_c0 0x20013980         0x00006c60
int_sram_no_cacheable_c0 0x2001a5e0         0x00002710
int_sram_shareable 0x2001ccf0         0x00002710
ram_end_c0       0x2001f400         0x00000000
*default*        0x00000000         0xffffffff

Linker script and memory map

LOAD F:\Jenkin\00Source\FW_FULL\output\Gpio\Gpio_TS_001\gcc\compile\stm32f407xx_gpio_driver.o
LOAD F:\Jenkin\00Source\FW_FULL\output\Gpio\Gpio_TS_001\gcc\compile\ThoNV_startup_m4.o
LOAD F:\Jenkin\00Source\FW_FULL\output\Gpio\Gpio_TS_001\gcc\compile\Gpio_TS_001.o
LOAD F:\Jenkin\00Source\FW_FULL\output\Gpio\Gpio_TS_001\gcc\compile\Gpio_TC_001.o
LOAD F:\Jenkin\00Source\FW_FULL\output\Gpio\Gpio_TS_001\gcc\compile\Gpio_TC_002.o
                0x00000200                HEAP_SIZE = DEFINED (heap_size)?heap_size:0x200

.flash          0x08000000      0xbb8
 *(.startup)
 .startup       0x08000000      0x100 F:\Jenkin\00Source\FW_FULL\output\Gpio\Gpio_TS_001\gcc\compile\ThoNV_startup_m4.o
                0x08000000                _start
                0x08000000                Reset_Handler
                0x0800001e                ThoNVEnd
 *(.text.startup)
 *(.text)
 .text          0x08000100      0x814 F:\Jenkin\00Source\FW_FULL\output\Gpio\Gpio_TS_001\gcc\compile\stm32f407xx_gpio_driver.o
                0x08000100                GPIO_PeriClockControl
                0x08000208                GPIO_Init
                0x08000540                GPIO_DeInit
                0x080006ac                GPIO_ReadFromInputPin
                0x080006d6                GPIO_ReadFromInputPort
                0x080006f0                GPIO_WriteToOutputPin
                0x08000738                GPIO_WriteToOutputPort
                0x08000754                GPIO_ToggleOutputPin
                0x0800077c                GPIO_IRQInterruptConfig
                0x08000884                GPIO_IRQPriorityConfig
                0x080008d6                GPIO_IRQHandling
 .text          0x08000914        0x0 F:\Jenkin\00Source\FW_FULL\output\Gpio\Gpio_TS_001\gcc\compile\ThoNV_startup_m4.o
 .text          0x08000914       0xc4 F:\Jenkin\00Source\FW_FULL\output\Gpio\Gpio_TS_001\gcc\compile\Gpio_TS_001.o
                0x08000914                RESULT_RunAllTests
                0x08000994                RESULT_Assert
                0x080009c4                main
 .text          0x080009d8      0x174 F:\Jenkin\00Source\FW_FULL\output\Gpio\Gpio_TS_001\gcc\compile\Gpio_TC_001.o
                0x080009d8                delay
                0x08000a04                Gpio_TC_001
 .text          0x08000b4c       0x20 F:\Jenkin\00Source\FW_FULL\output\Gpio\Gpio_TS_001\gcc\compile\Gpio_TC_002.o
                0x08000b4c                Gpio_TC_002
 *(.text*)
 .text.Default_Handler
                0x08000b6c        0x4 F:\Jenkin\00Source\FW_FULL\output\Gpio\Gpio_TS_001\gcc\compile\ThoNV_startup_m4.o
                0x08000b6c                RTC_Alarm_IRQHandler
                0x08000b6c                HASH_RNG_IRQHandler
                0x08000b6c                EXTI2_IRQHandler
                0x08000b6c                TIM8_CC_IRQHandler
                0x08000b6c                DebugMon_Handler
                0x08000b6c                TIM1_CC_IRQHandler
                0x08000b6c                DMA2_Stream5_IRQHandler
                0x08000b6c                HardFault_Handler
                0x08000b6c                DMA1_Stream5_IRQHandler
                0x08000b6c                SysTick_Handler
                0x08000b6c                PVD_IRQHandler
                0x08000b6c                SDIO_IRQHandler
                0x08000b6c                TAMP_STAMP_IRQHandler
                0x08000b6c                PendSV_Handler
                0x08000b6c                NMI_Handler
                0x08000b6c                CAN2_RX1_IRQHandler
                0x08000b6c                EXTI3_IRQHandler
                0x08000b6c                TIM8_TRG_COM_TIM14_IRQHandler
                0x08000b6c                TIM1_UP_TIM10_IRQHandler
                0x08000b6c                TIM8_UP_TIM13_IRQHandler
                0x08000b6c                I2C3_ER_IRQHandler
                0x08000b6c                LCD_TFT_IRQHandler
                0x08000b6c                EXTI0_IRQHandler
                0x08000b6c                I2C2_EV_IRQHandler
                0x08000b6c                DMA1_Stream2_IRQHandler
                0x08000b6c                CAN1_RX0_IRQHandler
                0x08000b6c                FPU_IRQHandler
                0x08000b6c                OTG_HS_WKUP_IRQHandler
                0x08000b6c                UsageFault_Handler
                0x08000b6c                CAN2_SCE_IRQHandler
                0x08000b6c                DMA2_Stream2_IRQHandler
                0x08000b6c                SPI1_IRQHandler
                0x08000b6c                TIM6_DAC_IRQHandler
                0x08000b6c                TIM1_BRK_TIM9_IRQHandler
                0x08000b6c                DCMI_IRQHandler
                0x08000b6c                CAN2_RX0_IRQHandler
                0x08000b6c                DMA2_Stream3_IRQHandler
                0x08000b6c                USART6_IRQHandler
                0x08000b6c                USART3_IRQHandler
                0x08000b6c                CRYP_IRQHandler
                0x08000b6c                CAN1_RX1_IRQHandler
                0x08000b6c                UART5_IRQHandler
                0x08000b6c                DMA2_Stream0_IRQHandler
                0x08000b6c                TIM4_IRQHandler
                0x08000b6c                I2C1_EV_IRQHandler
                0x08000b6c                DMA1_Stream6_IRQHandler
                0x08000b6c                DMA1_Stream1_IRQHandler
                0x08000b6c                UART4_IRQHandler
                0x08000b6c                LCD_TFT_1_IRQHandler
                0x08000b6c                TIM3_IRQHandler
                0x08000b6c                RCC_IRQHandler
                0x08000b6c                TIM8_BRK_TIM12_IRQHandler
                0x08000b6c                EXTI15_10_IRQHandler
                0x08000b6c                ADC_IRQHandler
                0x08000b6c                DMA1_Stream7_IRQHandler
                0x08000b6c                TIM7_IRQHandler
                0x08000b6c                CAN2_TX_IRQHandler
                0x08000b6c                TIM5_IRQHandler
                0x08000b6c                DMA2_Stream7_IRQHandler
                0x08000b6c                I2C3_EV_IRQHandler
                0x08000b6c                EXTI9_5_IRQHandler
                0x08000b6c                RTC_WKUP_IRQHandler
                0x08000b6c                ETH_WKUP_IRQHandler
                0x08000b6c                SPI2_IRQHandler
                0x08000b6c                OTG_HS_EP1_IN_IRQHandler
                0x08000b6c                MemManage_Handler
                0x08000b6c                DMA1_Stream0_IRQHandler
                0x08000b6c                CAN1_TX_IRQHandler
                0x08000b6c                SVC_Handler
                0x08000b6c                EXTI4_IRQHandler
                0x08000b6c                FSMC_IRQHandler
                0x08000b6c                ETH_IRQHandler
                0x08000b6c                OTG_HS_EP1_OUT_IRQHandler
                0x08000b6c                WWDG_IRQHandler
                0x08000b6c                TIM2_IRQHandler
                0x08000b6c                OTG_FS_WKUP_IRQHandler
                0x08000b6c                TIM1_TRG_COM_TIM11_IRQHandler
                0x08000b6c                OTG_HS_IRQHandler
                0x08000b6c                EXTI1_IRQHandler
                0x08000b6c                USART2_IRQHandler
                0x08000b6c                I2C2_ER_IRQHandler
                0x08000b6c                DMA2_Stream1_IRQHandler
                0x08000b6c                CAN1_SCE_IRQHandler
                0x08000b6c                DMA2_Stream4_IRQHandler
                0x08000b6c                BusFault_Handler
                0x08000b6c                USART1_IRQHandler
                0x08000b6c                OTG_FS_IRQHandler
                0x08000b6c                SPI3_IRQHandler
                0x08000b6c                DMA1_Stream4_IRQHandler
                0x08000b6c                I2C1_ER_IRQHandler
                0x08000b6c                DMA2_Stream6_IRQHandler
                0x08000b6c                DMA1_Stream3_IRQHandler
 *(.mcal_text)
 *(.acmcu_code_rom)
 *(.rodata)
 *(.rodata*)
 *(.mcal_const_cfg)
 *(.mcal_const)
                0x08000b70                init_table = .
 *(.init_table)
 .init_table    0x08000b70       0x30 F:\Jenkin\00Source\FW_FULL\output\Gpio\Gpio_TS_001\gcc\compile\ThoNV_startup_m4.o
                0x08000ba0                . = ALIGN (0x4)
                0x08000ba0                init_table_end = .
                0x08000ba0                zero_table = .
 *(.zero_table)
 .zero_table    0x08000ba0       0x18 F:\Jenkin\00Source\FW_FULL\output\Gpio\Gpio_TS_001\gcc\compile\ThoNV_startup_m4.o
                0x08000bb8                . = ALIGN (0x4)
                0x08000bb8                zero_table_end = .
 *(.init)
 *(.fini)
                0x08000bb8                . = ALIGN (0x4)

.glue_7         0x08000bb8        0x0
 .glue_7        0x08000bb8        0x0 linker stubs

.glue_7t        0x08000bb8        0x0
 .glue_7t       0x08000bb8        0x0 linker stubs

.vfp11_veneer   0x08000bb8        0x0
 .vfp11_veneer  0x08000bb8        0x0 linker stubs

.v4_bx          0x08000bb8        0x0
 .v4_bx         0x08000bb8        0x0 linker stubs

.iplt           0x08000bb8        0x0
 .iplt          0x08000bb8        0x0 F:\Jenkin\00Source\FW_FULL\output\Gpio\Gpio_TS_001\gcc\compile\stm32f407xx_gpio_driver.o

.igot.plt       0x08000bb8        0x0
 .igot.plt      0x08000bb8        0x0 F:\Jenkin\00Source\FW_FULL\output\Gpio\Gpio_TS_001\gcc\compile\stm32f407xx_gpio_driver.o

.rel.dyn        0x08000bb8        0x0
 .rel.iplt      0x08000bb8        0x0 F:\Jenkin\00Source\FW_FULL\output\Gpio\Gpio_TS_001\gcc\compile\stm32f407xx_gpio_driver.o

.flash_data     0x08000bc0      0x600
                0x08001000                . = ALIGN (0x1000)
 *fill*         0x08000bc0      0x440 
                0x08001000                init_vectortable_start = .
 *(.intc_vector)
 .intc_vector   0x08001000      0x1b0 F:\Jenkin\00Source\FW_FULL\output\Gpio\Gpio_TS_001\gcc\compile\ThoNV_startup_m4.o
                0x08001000                VTABLE
                0x080011b0                . = ALIGN (0x4)
                0x080011b0                init_vectortable_end = .
                0x080011b0                init_data_start = .
 *(.data)
 .data          0x080011b0        0x0 F:\Jenkin\00Source\FW_FULL\output\Gpio\Gpio_TS_001\gcc\compile\stm32f407xx_gpio_driver.o
 .data          0x080011b0        0x0 F:\Jenkin\00Source\FW_FULL\output\Gpio\Gpio_TS_001\gcc\compile\ThoNV_startup_m4.o
 .data          0x080011b0       0x10 F:\Jenkin\00Source\FW_FULL\output\Gpio\Gpio_TS_001\gcc\compile\Gpio_TS_001.o
                0x080011b0                Array_TC_OF_TS
                0x080011b8                THONV_TS_STRUCT
 .data          0x080011c0        0x0 F:\Jenkin\00Source\FW_FULL\output\Gpio\Gpio_TS_001\gcc\compile\Gpio_TC_001.o
 .data          0x080011c0        0x0 F:\Jenkin\00Source\FW_FULL\output\Gpio\Gpio_TS_001\gcc\compile\Gpio_TC_002.o
 *(.data*)
                0x080011c0                . = ALIGN (0x4)
 *(.mcal_data)
                0x080011c0                . = ALIGN (0x4)
 *(.ramcode)
                0x080011c0                . = ALIGN (0x4)
                0x080011c0                init_data_end = .
                0x080011c0                init_data_nocache_start = .
 *(.mcal_data_no_cacheable)
                0x080011c0                . = ALIGN (0x4)
 *(.mcal_const_no_cacheable)
                0x080011c0                . = ALIGN (0x4)
                0x080011c0                init_data_nocache_end = .
                0x080011c0                init_data_shareable_start = .
 *(.mcal_shared_data)
                0x080011c0                . = ALIGN (0x4)
                0x080011c0                init_data_shareable_end = .

.acfls_code_flash
                0x080f9f00        0x0
                0x080f9f00                acfls_code_rom_start = .
 *(.acfls_code_rom)
                0x080f9f00                . = ALIGN (0x4)
                0x080f9f00                acfls_code_rom_end = .

.sram_data      0x20000000       0x10
                0x20000000                data_start = .
                0x20000010                . = (. + (init_data_end - init_data_start))
 *fill*         0x20000000       0x10 
                0x20000010                . = ALIGN (0x4)
                0x20000010                data_end = .

.sram_bss       0x20000010       0x20
                0x20000010                . = ALIGN (0x10)
                0x20000010                bss_start = .
 *(.bss)
 .bss           0x20000010        0x0 F:\Jenkin\00Source\FW_FULL\output\Gpio\Gpio_TS_001\gcc\compile\stm32f407xx_gpio_driver.o
 .bss           0x20000010        0x0 F:\Jenkin\00Source\FW_FULL\output\Gpio\Gpio_TS_001\gcc\compile\ThoNV_startup_m4.o
 .bss           0x20000010        0xe F:\Jenkin\00Source\FW_FULL\output\Gpio\Gpio_TS_001\gcc\compile\Gpio_TS_001.o
                0x20000010                Id
                0x20000014                TestCaseResult
 *fill*         0x2000001e        0x2 
 .bss           0x20000020       0x10 F:\Jenkin\00Source\FW_FULL\output\Gpio\Gpio_TS_001\gcc\compile\Gpio_TC_001.o
                0x20000020                count
                0x20000024                GpioLed
 .bss           0x20000030        0x0 F:\Jenkin\00Source\FW_FULL\output\Gpio\Gpio_TS_001\gcc\compile\Gpio_TC_002.o
 *(.bss*)
                0x20000030                . = ALIGN (0x10)
 *(.mcal_bss)
                0x20000030                . = ALIGN (0x4)
                0x20000030                bss_end = .

.heap           0x20000030      0x200
                0x00000000                . = (. + ALIGN (0x4))
                0x20000030                _end = .
                0x20000030                end = .
                0x20000030                _heap_start = .
                0x00000200                . = (. + HEAP_SIZE)
 *fill*         0x20000030      0x200 
                0x20000230                _heap_end = .

.acfls_code_ram
                0x20013880        0x0
                0x20013880                acfls_code_ram_start = .
 *(.acfls_code_ram)
                0x20013880                acfls_code_ram_stop = .

.sram_nocache   0x2001a5e0      0xbd0
                0x2001b000                . = ALIGN (0x1000)
 *fill*         0x2001a5e0      0xa20 
                0x2001b000                vectortable_start = .
                0x2001b1b0                . = (. + (init_vectortable_end - init_vectortable_start))
 *fill*         0x2001b000      0x1b0 
                0x2001b1b0                . = ALIGN (0x4)
                0x2001b1b0                vectortable_end = .
                0x2001b1b0                data_nocache_start = .
                0x2001b1b0                . = (. + (init_data_nocache_end - init_data_nocache_start))
                0x2001b1b0                . = ALIGN (0x4)
                0x2001b1b0                data_nocache_end = .
                0x2001b1b0                bss_nocache_start = .
 *(.mcal_bss_no_cacheable)
                0x2001b1b0                . = ALIGN (0x4)
                0x2001b1b0                bss_nocache_end = .

.sram_shareable
                0x2001ccf0        0x0
                0x2001ccf0                data_shareable_start = .
                0x2001ccf0                . = (. + (init_data_shareable_end - init_data_shareable_start))
                0x2001ccf0                . = ALIGN (0x4)
                0x2001ccf0                data_shareable_end = .
                0x2001ccf0                bss_shareable_start = .
 *(.mcal_shared_bss)
                0x2001ccf0                . = ALIGN (0x4)
                0x2001ccf0                bss_shareable_end = .
                0x20013980                Stack_end_c0 = ORIGIN (int_sram_stack_c0)
                0x2001a5e0                Stack_start_c0 = (ORIGIN (int_sram_stack_c0) + LENGTH (int_sram_stack_c0))
                0x20000000                INT_SRAM_START = ORIGIN (int_sram_c0)
                0x2001f400                INT_SRAM_END = ORIGIN (ram_end_c0)
                0x00000001                RAM_INIT = 0x1
                0x2001b000                __ENTRY_VTABLE = vectortable_start
OUTPUT(F:\Jenkin\00Source\FW_FULL\output\Gpio\Gpio_TS_001\gcc\compile\Gpio_TS_001.elf elf32-littlearm)
LOAD linker stubs

.debug_info     0x00000000      0xc29
 .debug_info    0x00000000      0x7b9 F:\Jenkin\00Source\FW_FULL\output\Gpio\Gpio_TS_001\gcc\compile\stm32f407xx_gpio_driver.o
 .debug_info    0x000007b9      0x19b F:\Jenkin\00Source\FW_FULL\output\Gpio\Gpio_TS_001\gcc\compile\Gpio_TS_001.o
 .debug_info    0x00000954      0x249 F:\Jenkin\00Source\FW_FULL\output\Gpio\Gpio_TS_001\gcc\compile\Gpio_TC_001.o
 .debug_info    0x00000b9d       0x8c F:\Jenkin\00Source\FW_FULL\output\Gpio\Gpio_TS_001\gcc\compile\Gpio_TC_002.o

.debug_abbrev   0x00000000      0x3b8
 .debug_abbrev  0x00000000      0x170 F:\Jenkin\00Source\FW_FULL\output\Gpio\Gpio_TS_001\gcc\compile\stm32f407xx_gpio_driver.o
 .debug_abbrev  0x00000170      0x117 F:\Jenkin\00Source\FW_FULL\output\Gpio\Gpio_TS_001\gcc\compile\Gpio_TS_001.o
 .debug_abbrev  0x00000287       0xed F:\Jenkin\00Source\FW_FULL\output\Gpio\Gpio_TS_001\gcc\compile\Gpio_TC_001.o
 .debug_abbrev  0x00000374       0x44 F:\Jenkin\00Source\FW_FULL\output\Gpio\Gpio_TS_001\gcc\compile\Gpio_TC_002.o

.debug_aranges  0x00000000       0x80
 .debug_aranges
                0x00000000       0x20 F:\Jenkin\00Source\FW_FULL\output\Gpio\Gpio_TS_001\gcc\compile\stm32f407xx_gpio_driver.o
 .debug_aranges
                0x00000020       0x20 F:\Jenkin\00Source\FW_FULL\output\Gpio\Gpio_TS_001\gcc\compile\Gpio_TS_001.o
 .debug_aranges
                0x00000040       0x20 F:\Jenkin\00Source\FW_FULL\output\Gpio\Gpio_TS_001\gcc\compile\Gpio_TC_001.o
 .debug_aranges
                0x00000060       0x20 F:\Jenkin\00Source\FW_FULL\output\Gpio\Gpio_TS_001\gcc\compile\Gpio_TC_002.o

.debug_line     0x00000000      0xa23
 .debug_line    0x00000000      0x5ed F:\Jenkin\00Source\FW_FULL\output\Gpio\Gpio_TS_001\gcc\compile\stm32f407xx_gpio_driver.o
 .debug_line    0x000005ed      0x1ba F:\Jenkin\00Source\FW_FULL\output\Gpio\Gpio_TS_001\gcc\compile\Gpio_TS_001.o
 .debug_line    0x000007a7      0x1f0 F:\Jenkin\00Source\FW_FULL\output\Gpio\Gpio_TS_001\gcc\compile\Gpio_TC_001.o
 .debug_line    0x00000997       0x8c F:\Jenkin\00Source\FW_FULL\output\Gpio\Gpio_TS_001\gcc\compile\Gpio_TC_002.o

.debug_str      0x00000000      0x672
 .debug_str     0x00000000      0x4c6 F:\Jenkin\00Source\FW_FULL\output\Gpio\Gpio_TS_001\gcc\compile\stm32f407xx_gpio_driver.o
                                0x523 (size before relaxing)
 .debug_str     0x000004c6       0xd8 F:\Jenkin\00Source\FW_FULL\output\Gpio\Gpio_TS_001\gcc\compile\Gpio_TS_001.o
                                0x200 (size before relaxing)
 .debug_str     0x0000059e       0x74 F:\Jenkin\00Source\FW_FULL\output\Gpio\Gpio_TS_001\gcc\compile\Gpio_TC_001.o
                                0x289 (size before relaxing)
 .debug_str     0x00000612       0x60 F:\Jenkin\00Source\FW_FULL\output\Gpio\Gpio_TS_001\gcc\compile\Gpio_TC_002.o
                                0x187 (size before relaxing)

.comment        0x00000000       0x49
 .comment       0x00000000       0x49 F:\Jenkin\00Source\FW_FULL\output\Gpio\Gpio_TS_001\gcc\compile\stm32f407xx_gpio_driver.o
                                 0x4a (size before relaxing)
 .comment       0x00000049       0x4a F:\Jenkin\00Source\FW_FULL\output\Gpio\Gpio_TS_001\gcc\compile\Gpio_TS_001.o
 .comment       0x00000049       0x4a F:\Jenkin\00Source\FW_FULL\output\Gpio\Gpio_TS_001\gcc\compile\Gpio_TC_001.o
 .comment       0x00000049       0x4a F:\Jenkin\00Source\FW_FULL\output\Gpio\Gpio_TS_001\gcc\compile\Gpio_TC_002.o

.ARM.attributes
                0x00000000       0x2c
 .ARM.attributes
                0x00000000       0x2e F:\Jenkin\00Source\FW_FULL\output\Gpio\Gpio_TS_001\gcc\compile\stm32f407xx_gpio_driver.o
 .ARM.attributes
                0x0000002e       0x1b F:\Jenkin\00Source\FW_FULL\output\Gpio\Gpio_TS_001\gcc\compile\ThoNV_startup_m4.o
 .ARM.attributes
                0x00000049       0x2e F:\Jenkin\00Source\FW_FULL\output\Gpio\Gpio_TS_001\gcc\compile\Gpio_TS_001.o
 .ARM.attributes
                0x00000077       0x2e F:\Jenkin\00Source\FW_FULL\output\Gpio\Gpio_TS_001\gcc\compile\Gpio_TC_001.o
 .ARM.attributes
                0x000000a5       0x2e F:\Jenkin\00Source\FW_FULL\output\Gpio\Gpio_TS_001\gcc\compile\Gpio_TC_002.o

.debug_frame    0x00000000      0x2c0
 .debug_frame   0x00000000      0x1c8 F:\Jenkin\00Source\FW_FULL\output\Gpio\Gpio_TS_001\gcc\compile\stm32f407xx_gpio_driver.o
 .debug_frame   0x000001c8       0x78 F:\Jenkin\00Source\FW_FULL\output\Gpio\Gpio_TS_001\gcc\compile\Gpio_TS_001.o
 .debug_frame   0x00000240       0x54 F:\Jenkin\00Source\FW_FULL\output\Gpio\Gpio_TS_001\gcc\compile\Gpio_TC_001.o
 .debug_frame   0x00000294       0x2c F:\Jenkin\00Source\FW_FULL\output\Gpio\Gpio_TS_001\gcc\compile\Gpio_TC_002.o
