
Memory Configuration

Name             Origin             Length             Attributes
int_flash_c0     0x08000000         0x000f9f00
int_flash_fls_rsv_c0 0x080f9f00         0x00000100
int_sram_c0      0x20000000         0x00013880
int_sram_fls_rsv_c0 0x20013880         0x00000100
int_sram_stack_c0 0x20013980         0x00001e40
int_sram_no_cacheable_c0 0x200157c0         0x00004e20
int_sram_shareable 0x2001a5e0         0x00004e20
ram_end_c0       0x2001f400         0x00000000
*default*        0x00000000         0xffffffff

Linker script and memory map

LOAD F:\IAR\FW_THO\FW_THO\FW_HuLa-master\output\Gpio\Gpio_TS_001\gcc\compile\stm32f407xx_gpio_driver.o
LOAD F:\IAR\FW_THO\FW_THO\FW_HuLa-master\output\Gpio\Gpio_TS_001\gcc\compile\ThoNV_startup_m4.o
LOAD F:\IAR\FW_THO\FW_THO\FW_HuLa-master\output\Gpio\Gpio_TS_001\gcc\compile\Gpio_TS_001.o
LOAD F:\IAR\FW_THO\FW_THO\FW_HuLa-master\output\Gpio\Gpio_TS_001\gcc\compile\Gpio_TC_001.o
LOAD F:\IAR\FW_THO\FW_THO\FW_HuLa-master\output\Gpio\Gpio_TS_001\gcc\compile\Gpio_TC_002.o
                0x00000200                HEAP_SIZE = DEFINED (__heap_size__)?__heap_size__:0x200

.flash          0x08000000      0xba0
 *(.startup)
 .startup       0x08000000       0xf8 F:\IAR\FW_THO\FW_THO\FW_HuLa-master\output\Gpio\Gpio_TS_001\gcc\compile\ThoNV_startup_m4.o
                0x08000000                _start
                0x08000000                Reset_Handler
 *(.text.startup)
 *(.text)
 .text          0x080000f8      0x814 F:\IAR\FW_THO\FW_THO\FW_HuLa-master\output\Gpio\Gpio_TS_001\gcc\compile\stm32f407xx_gpio_driver.o
                0x080000f8                GPIO_PeriClockControl
                0x08000200                GPIO_Init
                0x08000538                GPIO_DeInit
                0x080006a4                GPIO_ReadFromInputPin
                0x080006ce                GPIO_ReadFromInputPort
                0x080006e8                GPIO_WriteToOutputPin
                0x08000730                GPIO_WriteToOutputPort
                0x0800074c                GPIO_ToggleOutputPin
                0x08000774                GPIO_IRQInterruptConfig
                0x0800087c                GPIO_IRQPriorityConfig
                0x080008ce                GPIO_IRQHandling
 .text          0x0800090c        0x0 F:\IAR\FW_THO\FW_THO\FW_HuLa-master\output\Gpio\Gpio_TS_001\gcc\compile\ThoNV_startup_m4.o
 .text          0x0800090c       0xc4 F:\IAR\FW_THO\FW_THO\FW_HuLa-master\output\Gpio\Gpio_TS_001\gcc\compile\Gpio_TS_001.o
                0x0800090c                RESULT_RunAllTests
                0x08000978                ThoNVEnd
                0x0800098c                RESULT_Assert
                0x080009bc                main
 .text          0x080009d0      0x174 F:\IAR\FW_THO\FW_THO\FW_HuLa-master\output\Gpio\Gpio_TS_001\gcc\compile\Gpio_TC_001.o
                0x080009d0                delay
                0x080009fc                Gpio_TC_001
 .text          0x08000b44        0xe F:\IAR\FW_THO\FW_THO\FW_HuLa-master\output\Gpio\Gpio_TS_001\gcc\compile\Gpio_TC_002.o
                0x08000b44                Gpio_TC_002
 *(.text*)
 *fill*         0x08000b52        0x2 
 .text.Default_Handler
                0x08000b54        0x4 F:\IAR\FW_THO\FW_THO\FW_HuLa-master\output\Gpio\Gpio_TS_001\gcc\compile\ThoNV_startup_m4.o
                0x08000b54                RTC_Alarm_IRQHandler
                0x08000b54                HASH_RNG_IRQHandler
                0x08000b54                EXTI2_IRQHandler
                0x08000b54                TIM8_CC_IRQHandler
                0x08000b54                DebugMon_Handler
                0x08000b54                TIM1_CC_IRQHandler
                0x08000b54                DMA2_Stream5_IRQHandler
                0x08000b54                HardFault_Handler
                0x08000b54                DMA1_Stream5_IRQHandler
                0x08000b54                SysTick_Handler
                0x08000b54                PVD_IRQHandler
                0x08000b54                SDIO_IRQHandler
                0x08000b54                TAMP_STAMP_IRQHandler
                0x08000b54                PendSV_Handler
                0x08000b54                NMI_Handler
                0x08000b54                CAN2_RX1_IRQHandler
                0x08000b54                EXTI3_IRQHandler
                0x08000b54                TIM8_TRG_COM_TIM14_IRQHandler
                0x08000b54                TIM1_UP_TIM10_IRQHandler
                0x08000b54                TIM8_UP_TIM13_IRQHandler
                0x08000b54                I2C3_ER_IRQHandler
                0x08000b54                LCD_TFT_IRQHandler
                0x08000b54                EXTI0_IRQHandler
                0x08000b54                I2C2_EV_IRQHandler
                0x08000b54                DMA1_Stream2_IRQHandler
                0x08000b54                CAN1_RX0_IRQHandler
                0x08000b54                FPU_IRQHandler
                0x08000b54                OTG_HS_WKUP_IRQHandler
                0x08000b54                UsageFault_Handler
                0x08000b54                CAN2_SCE_IRQHandler
                0x08000b54                DMA2_Stream2_IRQHandler
                0x08000b54                SPI1_IRQHandler
                0x08000b54                TIM6_DAC_IRQHandler
                0x08000b54                TIM1_BRK_TIM9_IRQHandler
                0x08000b54                DCMI_IRQHandler
                0x08000b54                CAN2_RX0_IRQHandler
                0x08000b54                DMA2_Stream3_IRQHandler
                0x08000b54                USART6_IRQHandler
                0x08000b54                USART3_IRQHandler
                0x08000b54                CRYP_IRQHandler
                0x08000b54                CAN1_RX1_IRQHandler
                0x08000b54                UART5_IRQHandler
                0x08000b54                DMA2_Stream0_IRQHandler
                0x08000b54                TIM4_IRQHandler
                0x08000b54                I2C1_EV_IRQHandler
                0x08000b54                DMA1_Stream6_IRQHandler
                0x08000b54                DMA1_Stream1_IRQHandler
                0x08000b54                UART4_IRQHandler
                0x08000b54                LCD_TFT_1_IRQHandler
                0x08000b54                TIM3_IRQHandler
                0x08000b54                RCC_IRQHandler
                0x08000b54                TIM8_BRK_TIM12_IRQHandler
                0x08000b54                EXTI15_10_IRQHandler
                0x08000b54                ADC_IRQHandler
                0x08000b54                DMA1_Stream7_IRQHandler
                0x08000b54                TIM7_IRQHandler
                0x08000b54                CAN2_TX_IRQHandler
                0x08000b54                TIM5_IRQHandler
                0x08000b54                DMA2_Stream7_IRQHandler
                0x08000b54                I2C3_EV_IRQHandler
                0x08000b54                EXTI9_5_IRQHandler
                0x08000b54                RTC_WKUP_IRQHandler
                0x08000b54                ETH_WKUP_IRQHandler
                0x08000b54                SPI2_IRQHandler
                0x08000b54                OTG_HS_EP1_IN_IRQHandler
                0x08000b54                MemManage_Handler
                0x08000b54                DMA1_Stream0_IRQHandler
                0x08000b54                CAN1_TX_IRQHandler
                0x08000b54                SVC_Handler
                0x08000b54                EXTI4_IRQHandler
                0x08000b54                FSMC_IRQHandler
                0x08000b54                ETH_IRQHandler
                0x08000b54                OTG_HS_EP1_OUT_IRQHandler
                0x08000b54                WWDG_IRQHandler
                0x08000b54                TIM2_IRQHandler
                0x08000b54                OTG_FS_WKUP_IRQHandler
                0x08000b54                TIM1_TRG_COM_TIM11_IRQHandler
                0x08000b54                OTG_HS_IRQHandler
                0x08000b54                EXTI1_IRQHandler
                0x08000b54                USART2_IRQHandler
                0x08000b54                I2C2_ER_IRQHandler
                0x08000b54                DMA2_Stream1_IRQHandler
                0x08000b54                CAN1_SCE_IRQHandler
                0x08000b54                DMA2_Stream4_IRQHandler
                0x08000b54                BusFault_Handler
                0x08000b54                USART1_IRQHandler
                0x08000b54                OTG_FS_IRQHandler
                0x08000b54                SPI3_IRQHandler
                0x08000b54                DMA1_Stream4_IRQHandler
                0x08000b54                I2C1_ER_IRQHandler
                0x08000b54                DMA2_Stream6_IRQHandler
                0x08000b54                DMA1_Stream3_IRQHandler
 *(.mcal_text)
 *(.acmcu_code_rom)
 *(.rodata)
 *(.rodata*)
 *(.mcal_const_cfg)
 *(.mcal_const)
                0x08000b58                __init_table = .
 *(.init_table)
 .init_table    0x08000b58       0x30 F:\IAR\FW_THO\FW_THO\FW_HuLa-master\output\Gpio\Gpio_TS_001\gcc\compile\ThoNV_startup_m4.o
                0x08000b88                . = ALIGN (0x4)
                0x08000b88                __init_table_end = .
                0x08000b88                __zero_table = .
 *(.zero_table)
 .zero_table    0x08000b88       0x18 F:\IAR\FW_THO\FW_THO\FW_HuLa-master\output\Gpio\Gpio_TS_001\gcc\compile\ThoNV_startup_m4.o
                0x08000ba0                . = ALIGN (0x4)
                0x08000ba0                __zero_table_end = .
 *(.init)
 *(.fini)
                0x08000ba0                . = ALIGN (0x4)

.glue_7         0x08000ba0        0x0
 .glue_7        0x08000ba0        0x0 linker stubs

.glue_7t        0x08000ba0        0x0
 .glue_7t       0x08000ba0        0x0 linker stubs

.vfp11_veneer   0x08000ba0        0x0
 .vfp11_veneer  0x08000ba0        0x0 linker stubs

.v4_bx          0x08000ba0        0x0
 .v4_bx         0x08000ba0        0x0 linker stubs

.iplt           0x08000ba0        0x0
 .iplt          0x08000ba0        0x0 F:\IAR\FW_THO\FW_THO\FW_HuLa-master\output\Gpio\Gpio_TS_001\gcc\compile\stm32f407xx_gpio_driver.o

.igot.plt       0x08000ba0        0x0
 .igot.plt      0x08000ba0        0x0 F:\IAR\FW_THO\FW_THO\FW_HuLa-master\output\Gpio\Gpio_TS_001\gcc\compile\stm32f407xx_gpio_driver.o

.rel.dyn        0x08000ba0        0x0
 .rel.iplt      0x08000ba0        0x0 F:\IAR\FW_THO\FW_THO\FW_HuLa-master\output\Gpio\Gpio_TS_001\gcc\compile\stm32f407xx_gpio_driver.o

.flash_data     0x08000ba0      0x620
                0x08001000                . = ALIGN (0x1000)
 *fill*         0x08000ba0      0x460 
                0x08001000                __init_vectortable_start = .
 *(.intc_vector)
 .intc_vector   0x08001000      0x1b0 F:\IAR\FW_THO\FW_THO\FW_HuLa-master\output\Gpio\Gpio_TS_001\gcc\compile\ThoNV_startup_m4.o
                0x08001000                VTABLE
                0x080011b0                . = ALIGN (0x4)
                0x080011b0                __init_vectortable_end = .
                0x080011b0                __init_data_start__ = .
 *(.data)
 .data          0x080011b0        0x0 F:\IAR\FW_THO\FW_THO\FW_HuLa-master\output\Gpio\Gpio_TS_001\gcc\compile\stm32f407xx_gpio_driver.o
 .data          0x080011b0        0x0 F:\IAR\FW_THO\FW_THO\FW_HuLa-master\output\Gpio\Gpio_TS_001\gcc\compile\ThoNV_startup_m4.o
 .data          0x080011b0       0x10 F:\IAR\FW_THO\FW_THO\FW_HuLa-master\output\Gpio\Gpio_TS_001\gcc\compile\Gpio_TS_001.o
                0x080011b0                Array_TC_OF_TS
                0x080011b8                THONV_TS_STRUCT
 .data          0x080011c0        0x0 F:\IAR\FW_THO\FW_THO\FW_HuLa-master\output\Gpio\Gpio_TS_001\gcc\compile\Gpio_TC_001.o
 .data          0x080011c0        0x0 F:\IAR\FW_THO\FW_THO\FW_HuLa-master\output\Gpio\Gpio_TS_001\gcc\compile\Gpio_TC_002.o
 *(.data*)
                0x080011c0                . = ALIGN (0x4)
 *(.mcal_data)
                0x080011c0                . = ALIGN (0x4)
 *(.ramcode)
                0x080011c0                . = ALIGN (0x4)
                0x080011c0                __init_data_end__ = .
                0x080011c0                __init_data_nocache_start = .
 *(.mcal_data_no_cacheable)
                0x080011c0                . = ALIGN (0x4)
 *(.mcal_const_no_cacheable)
                0x080011c0                . = ALIGN (0x4)
                0x080011c0                __init_data_nocache_end = .
                0x080011c0                __init_data_shareable_start = .
 *(.mcal_shared_data)
                0x080011c0                . = ALIGN (0x4)
                0x080011c0                __init_data_shareable_end = .

.acfls_code_flash
                0x080f9f00        0x0
                0x080f9f00                __acfls_code_rom_start = .
 *(.acfls_code_rom)
                0x080f9f00                . = ALIGN (0x4)
                0x080f9f00                __acfls_code_rom_end = .

.sram_data      0x20000000       0x10
                0x20000000                __data_start = .
                0x20000010                . = (. + (__init_data_end__ - __init_data_start__))
 *fill*         0x20000000       0x10 
                0x20000010                . = ALIGN (0x4)
                0x20000010                __data_end = .

.sram_bss       0x20000010       0x20
                0x20000010                . = ALIGN (0x10)
                0x20000010                __bss_start__ = .
 *(.bss)
 .bss           0x20000010        0x0 F:\IAR\FW_THO\FW_THO\FW_HuLa-master\output\Gpio\Gpio_TS_001\gcc\compile\stm32f407xx_gpio_driver.o
 .bss           0x20000010        0x0 F:\IAR\FW_THO\FW_THO\FW_HuLa-master\output\Gpio\Gpio_TS_001\gcc\compile\ThoNV_startup_m4.o
 .bss           0x20000010        0xe F:\IAR\FW_THO\FW_THO\FW_HuLa-master\output\Gpio\Gpio_TS_001\gcc\compile\Gpio_TS_001.o
                0x20000010                Id
                0x20000014                TestCaseResult
 *fill*         0x2000001e        0x2 
 .bss           0x20000020       0x10 F:\IAR\FW_THO\FW_THO\FW_HuLa-master\output\Gpio\Gpio_TS_001\gcc\compile\Gpio_TC_001.o
                0x20000020                count
                0x20000024                GpioLed
 .bss           0x20000030        0x0 F:\IAR\FW_THO\FW_THO\FW_HuLa-master\output\Gpio\Gpio_TS_001\gcc\compile\Gpio_TC_002.o
 *(.bss*)
                0x20000030                . = ALIGN (0x10)
 *(.mcal_bss)
                0x20000030                . = ALIGN (0x4)
                0x20000030                __bss_end__ = .

.heap           0x20000030      0x200
                0x00000000                . = (. + ALIGN (0x4))
                0x20000030                _end = .
                0x20000030                end = .
                0x20000030                _heap_start = .
                0x00000200                . = (. + HEAP_SIZE)
 *fill*         0x20000030      0x200 
                0x20000230                _heap_end = .

.acfls_code_ram
                0x20013880        0x0
                0x20013880                acfls_code_ram_start = .
 *(.acfls_code_ram)
                0x20013880                acfls_code_ram_stop = .

.sram_nocache   0x200157c0      0x9f0
                0x20016000                . = ALIGN (0x1000)
 *fill*         0x200157c0      0x840 
                0x20016000                __vectortable_start = .
                0x200161b0                . = (. + (__init_vectortable_end - __init_vectortable_start))
 *fill*         0x20016000      0x1b0 
                0x200161b0                . = ALIGN (0x4)
                0x200161b0                __vectortable_end = .
                0x200161b0                __data_nocache_start = .
                0x200161b0                . = (. + (__init_data_nocache_end - __init_data_nocache_start))
                0x200161b0                . = ALIGN (0x4)
                0x200161b0                __data_nocache_end = .
                0x200161b0                __bss_nocache_start = .
 *(.mcal_bss_no_cacheable)
                0x200161b0                . = ALIGN (0x4)
                0x200161b0                __bss_nocache_end = .

.sram_shareable
                0x2001a5e0        0x0
                0x2001a5e0                __data_shareable_start = .
                0x2001a5e0                . = (. + (__init_data_shareable_end - __init_data_shareable_start))
                0x2001a5e0                . = ALIGN (0x4)
                0x2001a5e0                __data_shareable_end = .
                0x2001a5e0                __bss_shareable_start = .
 *(.mcal_shared_bss)
                0x2001a5e0                . = ALIGN (0x4)
                0x2001a5e0                __bss_shareable_end = .
                0x20013980                __Stack_end_c0 = ORIGIN (int_sram_stack_c0)
                0x200157c0                __Stack_start_c0 = (ORIGIN (int_sram_stack_c0) + LENGTH (int_sram_stack_c0))
                0x20000000                __INT_SRAM_START = ORIGIN (int_sram_c0)
                0x2001f400                __INT_SRAM_END = ORIGIN (ram_end_c0)
                0x20016000                __VECTORTABLE_START = __vectortable_start
                0x08001000                __INIT_VECTORTABLE_START = __init_vectortable_start
                0x080011b0                __INIT_VECTORTABLE_END = __init_vectortable_end
                0x20000000                __DATA_START = __data_start
                0x080011b0                __INIT_DATA_START = __init_data_start__
                0x080011c0                __INIT_DATA_END = __init_data_end__
                0x200161b0                __DATA_NOCACHE_START = __data_nocache_start
                0x080011c0                __INIT_DATA_NOCACHE_START = __init_data_nocache_start
                0x080011c0                __INIT_DATA_NOCACHE_END = __init_data_nocache_end
                0x2001a5e0                __DATA_SHAREABLE_START = __data_shareable_start
                0x080011c0                __INIT_DATA_SHAREABLE_START = __init_data_shareable_start
                0x080011c0                __INIT_DATA_SHAREABLE_END = __init_data_shareable_end
                0x20000010                __BSS_START = __bss_start__
                0x20000030                __BSS_END = __bss_end__
                0x200161b0                __BSS_NOCACHE_START = __bss_nocache_start
                0x200161b0                __BSS_NOCACHE_END = __bss_nocache_end
                0x2001a5e0                __BSS_SHAREABLE_START = __bss_shareable_start
                0x2001a5e0                __BSS_SHAREABLE_END = __bss_shareable_end
                0x08000b58                __INIT_TABLE = __init_table
                0x08000b88                __INIT_TABLE_END = __init_table_end
                0x08000b88                __ZERO_TABLE = __zero_table
                0x08000ba0                __ZERO_TABLE_END = __zero_table_end
                0x00000001                __RAM_INIT = 0x1
                0x08000000                __ROM_CODE_START = ORIGIN (int_flash_c0)
                0x2001a5e0                __RAM_SHAREABLE_START = ORIGIN (int_sram_shareable)
                0x20013980                __RAM_STACK_START = ORIGIN (int_sram_stack_c0)
                0x200157c0                __RAM_NO_CACHEABLE_START = ORIGIN (int_sram_no_cacheable_c0)
                0x080f9f00                Fls_ACEraseRomStart = __acfls_code_rom_start
                0x080f9f00                Fls_ACEraseRomEnd = __acfls_code_rom_end
                0x00000000                Fls_ACEraseSize = ((__acfls_code_rom_end - __acfls_code_rom_start) / 0x4)
                0x080f9f00                Fls_ACWriteRomStart = __acfls_code_rom_start
                0x080f9f00                Fls_ACWriteRomEnd = __acfls_code_rom_end
                0x00000000                Fls_ACWriteSize = ((__acfls_code_rom_end - __acfls_code_rom_start) / 0x4)
                0x20013880                _ERASE_FUNC_ADDRESS_ = ADDR (.acfls_code_ram)
                0x20013880                _WRITE_FUNC_ADDRESS_ = ADDR (.acfls_code_ram)
OUTPUT(F:\IAR\FW_THO\FW_THO\FW_HuLa-master\output\Gpio\Gpio_TS_001\gcc\compile\Gpio_TS_001.elf elf32-littlearm)
LOAD linker stubs

.debug_info     0x00000000      0xc29
 .debug_info    0x00000000      0x7b9 F:\IAR\FW_THO\FW_THO\FW_HuLa-master\output\Gpio\Gpio_TS_001\gcc\compile\stm32f407xx_gpio_driver.o
 .debug_info    0x000007b9      0x19b F:\IAR\FW_THO\FW_THO\FW_HuLa-master\output\Gpio\Gpio_TS_001\gcc\compile\Gpio_TS_001.o
 .debug_info    0x00000954      0x249 F:\IAR\FW_THO\FW_THO\FW_HuLa-master\output\Gpio\Gpio_TS_001\gcc\compile\Gpio_TC_001.o
 .debug_info    0x00000b9d       0x8c F:\IAR\FW_THO\FW_THO\FW_HuLa-master\output\Gpio\Gpio_TS_001\gcc\compile\Gpio_TC_002.o

.debug_abbrev   0x00000000      0x3b8
 .debug_abbrev  0x00000000      0x170 F:\IAR\FW_THO\FW_THO\FW_HuLa-master\output\Gpio\Gpio_TS_001\gcc\compile\stm32f407xx_gpio_driver.o
 .debug_abbrev  0x00000170      0x117 F:\IAR\FW_THO\FW_THO\FW_HuLa-master\output\Gpio\Gpio_TS_001\gcc\compile\Gpio_TS_001.o
 .debug_abbrev  0x00000287       0xed F:\IAR\FW_THO\FW_THO\FW_HuLa-master\output\Gpio\Gpio_TS_001\gcc\compile\Gpio_TC_001.o
 .debug_abbrev  0x00000374       0x44 F:\IAR\FW_THO\FW_THO\FW_HuLa-master\output\Gpio\Gpio_TS_001\gcc\compile\Gpio_TC_002.o

.debug_aranges  0x00000000       0x80
 .debug_aranges
                0x00000000       0x20 F:\IAR\FW_THO\FW_THO\FW_HuLa-master\output\Gpio\Gpio_TS_001\gcc\compile\stm32f407xx_gpio_driver.o
 .debug_aranges
                0x00000020       0x20 F:\IAR\FW_THO\FW_THO\FW_HuLa-master\output\Gpio\Gpio_TS_001\gcc\compile\Gpio_TS_001.o
 .debug_aranges
                0x00000040       0x20 F:\IAR\FW_THO\FW_THO\FW_HuLa-master\output\Gpio\Gpio_TS_001\gcc\compile\Gpio_TC_001.o
 .debug_aranges
                0x00000060       0x20 F:\IAR\FW_THO\FW_THO\FW_HuLa-master\output\Gpio\Gpio_TS_001\gcc\compile\Gpio_TC_002.o

.debug_line     0x00000000      0xa74
 .debug_line    0x00000000      0x608 F:\IAR\FW_THO\FW_THO\FW_HuLa-master\output\Gpio\Gpio_TS_001\gcc\compile\stm32f407xx_gpio_driver.o
 .debug_line    0x00000608      0x1cf F:\IAR\FW_THO\FW_THO\FW_HuLa-master\output\Gpio\Gpio_TS_001\gcc\compile\Gpio_TS_001.o
 .debug_line    0x000007d7      0x20b F:\IAR\FW_THO\FW_THO\FW_HuLa-master\output\Gpio\Gpio_TS_001\gcc\compile\Gpio_TC_001.o
 .debug_line    0x000009e2       0x92 F:\IAR\FW_THO\FW_THO\FW_HuLa-master\output\Gpio\Gpio_TS_001\gcc\compile\Gpio_TC_002.o

.debug_str      0x00000000      0x69f
 .debug_str     0x00000000      0x4d8 F:\IAR\FW_THO\FW_THO\FW_HuLa-master\output\Gpio\Gpio_TS_001\gcc\compile\stm32f407xx_gpio_driver.o
                                0x535 (size before relaxing)
 .debug_str     0x000004d8       0xe1 F:\IAR\FW_THO\FW_THO\FW_HuLa-master\output\Gpio\Gpio_TS_001\gcc\compile\Gpio_TS_001.o
                                0x212 (size before relaxing)
 .debug_str     0x000005b9       0x7d F:\IAR\FW_THO\FW_THO\FW_HuLa-master\output\Gpio\Gpio_TS_001\gcc\compile\Gpio_TC_001.o
                                0x29b (size before relaxing)
 .debug_str     0x00000636       0x69 F:\IAR\FW_THO\FW_THO\FW_HuLa-master\output\Gpio\Gpio_TS_001\gcc\compile\Gpio_TC_002.o
                                0x199 (size before relaxing)

.comment        0x00000000       0x49
 .comment       0x00000000       0x49 F:\IAR\FW_THO\FW_THO\FW_HuLa-master\output\Gpio\Gpio_TS_001\gcc\compile\stm32f407xx_gpio_driver.o
                                 0x4a (size before relaxing)
 .comment       0x00000049       0x4a F:\IAR\FW_THO\FW_THO\FW_HuLa-master\output\Gpio\Gpio_TS_001\gcc\compile\Gpio_TS_001.o
 .comment       0x00000049       0x4a F:\IAR\FW_THO\FW_THO\FW_HuLa-master\output\Gpio\Gpio_TS_001\gcc\compile\Gpio_TC_001.o
 .comment       0x00000049       0x4a F:\IAR\FW_THO\FW_THO\FW_HuLa-master\output\Gpio\Gpio_TS_001\gcc\compile\Gpio_TC_002.o

.ARM.attributes
                0x00000000       0x2c
 .ARM.attributes
                0x00000000       0x2e F:\IAR\FW_THO\FW_THO\FW_HuLa-master\output\Gpio\Gpio_TS_001\gcc\compile\stm32f407xx_gpio_driver.o
 .ARM.attributes
                0x0000002e       0x1b F:\IAR\FW_THO\FW_THO\FW_HuLa-master\output\Gpio\Gpio_TS_001\gcc\compile\ThoNV_startup_m4.o
 .ARM.attributes
                0x00000049       0x2e F:\IAR\FW_THO\FW_THO\FW_HuLa-master\output\Gpio\Gpio_TS_001\gcc\compile\Gpio_TS_001.o
 .ARM.attributes
                0x00000077       0x2e F:\IAR\FW_THO\FW_THO\FW_HuLa-master\output\Gpio\Gpio_TS_001\gcc\compile\Gpio_TC_001.o
 .ARM.attributes
                0x000000a5       0x2e F:\IAR\FW_THO\FW_THO\FW_HuLa-master\output\Gpio\Gpio_TS_001\gcc\compile\Gpio_TC_002.o

.debug_frame    0x00000000      0x2c0
 .debug_frame   0x00000000      0x1c8 F:\IAR\FW_THO\FW_THO\FW_HuLa-master\output\Gpio\Gpio_TS_001\gcc\compile\stm32f407xx_gpio_driver.o
 .debug_frame   0x000001c8       0x78 F:\IAR\FW_THO\FW_THO\FW_HuLa-master\output\Gpio\Gpio_TS_001\gcc\compile\Gpio_TS_001.o
 .debug_frame   0x00000240       0x54 F:\IAR\FW_THO\FW_THO\FW_HuLa-master\output\Gpio\Gpio_TS_001\gcc\compile\Gpio_TC_001.o
 .debug_frame   0x00000294       0x2c F:\IAR\FW_THO\FW_THO\FW_HuLa-master\output\Gpio\Gpio_TS_001\gcc\compile\Gpio_TC_002.o
